// Jest Snapshot v1, https://goo.gl/fbAQLP

exports[`AddressList should render correctly 1`] = `
<View
  style={
    Object {
      "backgroundColor": "#FFFFFF",
      "flex": 1,
    }
  }
>
  <ScrollViewMock
    style={
      Object {
        "flexGrow": 1,
      }
    }
  >
    <TouchableOpacity
      activeOpacity={0.2}
      onPress={[Function]}
      style={
        Object {
          "borderBottomColor": "#D8D8D8",
          "borderBottomWidth": 1,
          "padding": 16,
        }
      }
    >
      <Text
        style={
          Object {
            "color": "#037dd6",
            "fontFamily": "Roboto",
            "fontSize": 16,
            "fontWeight": "400",
            "textAlign": "center",
          }
        }
      >
        Transfer between my accounts
      </Text>
    </TouchableOpacity>
    <View
      key="Recents"
      style={
        Object {
          "alignItems": "center",
          "backgroundColor": "#f2f3f4",
          "borderBottomColor": "#D8D8D8",
          "borderBottomWidth": 1,
          "flexDirection": "row",
          "padding": 8,
        }
      }
    >
      <Text
        style={
          Object {
            "color": "#5B5D67",
            "fontFamily": "Roboto",
            "fontSize": 12,
            "fontWeight": "400",
            "marginHorizontal": 8,
          }
        }
      >
        Recents
      </Text>
    </View>
    <View
      style={
        Object {
          "padding": 16,
        }
      }
    >
      <Text
        style={
          Object {
            "color": "#037dd6",
            "fontFamily": "Roboto",
            "fontSize": 16,
            "fontWeight": "400",
            "textAlign": "center",
          }
        }
      >
        No contacts in your address book
      </Text>
    </View>
  </ScrollViewMock>
</View>
`;
